======================================
biquad-ss 单元测试
======================================

[Test 1] LPF 系数正确性
[Test 2] HPF 系数正确性
[Test 3] BPF 系数正确性
[Test 4] BSF 系数正确性
[Test 5] LPF 直流增益
[Test 6] HPF 直流增益
[Test 7] 冲激响应衰减
[Test 8] 级联滤波器一致性
[Test 9] 非法参数处理
[Test 10] BPF 中心频率增益

======================================
结果: 28 通过 / 0 失败 / 28 总计
======================================
